/opt/foo/bar
/opt/foo/bar/a
/opt/foo/bar/a/d
/opt/foo/bar/a/d/hello
/opt/foo/bar/a/e
/opt/foo/bar/a/f
/opt/foo/bar/a/hello
/opt/foo/bar/b
/opt/foo/bar/b/d
/opt/foo/bar/b/e
/opt/foo/bar/b/f
/opt/foo/bar/c
/opt/foo/bar/c/d
/opt/foo/bar/c/d/hello
/opt/foo/bar/c/e
/opt/foo/bar/c/f
